<div class="scratch-inline-images">
<img class="scratch-blocks" onerror="this.src='scratch-blocks-a3b77ed3c3fa57e43c830e338dc39d292c7def676e0e8f7545972b7da20275da.png'" src="scratch-blocks-a3b77ed3c3fa57e43c830e338dc39d292c7def676e0e8f7545972b7da20275da.svg">
</div>
