<p>An inline image: <div>
<img alt="alt text" src="http://placehold.it/350x150" />
<p><a href="http://www.example.com">Source</a></p>
</div>.</p>
