<p>An inline image: <div class="text-center">
<img alt="alt text" class="rounded img-thumbnail" src="http://placehold.it/350x150" />
</div>.</p>
