<p>An inline image: <div>
<img alt="alt text" src="https://www.verto.io/images/image@200px.png" />
</div>.</p>
