<p>
 Here is a fragment of code that is important:
</p>
<pre><code>string = "Hello World!"
</code></pre>
