<p>Some text before.</p>
<div>
<img alt="placeholder image" class="" src="{% static 'computer-studying-turing-test.png' %}" title="Lipsum" />
</div>
