<div class="text-center">
<img alt="placeholder image" class="rounded img-thumbnail" src="http://placehold.it/350x150" />
</div>
