<a class="btn btn-interactive-link" href="{% url 'interactive' slug='binary-cards' %}?digits=5&amp;start=BBBBB">
<div class="btn-interactive-whole-page-text">
Binary Cards Interactive
</div>
</a>
