<p>{interactive slug="binary-cards" type="iframe" parameters="digits=5&amp;start=BBBBB"}</p>
