<div class="panel panel-extra-for-experts">
<div class="panel-header">
<strong>Algorithm complexity</strong>
</div>
<div class="panel-body">
<p>The formal term for working out the cost of an algorithm is <a href="https://en.wikipedia.org/wiki/Analysis_of_algorithms">algorithm analysis</a>, and we often refer to the cost as the algorithm's <em>complexity</em>. The most common complexity is the "time complexity" (a rough idea of how long it takes to run), but often the "space complexity" is of interest - how much memory or disk space will the algorithm use up when it's running?</p>
<p>There's more about how the cost of an algorithm is described in industry, using a widely agreed on convention called 'Big-O Notation', in the <a href="chapters/algorithms.html#the-whole-story">"The whole story!"</a> section at the end of this chapter.</p>
</div>
</div>
<div class="panel panel-extra-for-experts panel-expanded-always">
<div class="panel-header">
<strong>Lorem ipsum:</strong> Nunc non accumsan
</div>
<div class="panel-body">
<p>Lorem ipsum dolor sit amet, consectetur adipiscing elit. Nunc non accumsan libero, et suscipit velit. Phasellus quis lorem eget lacus rutrum lobortis. Integer tincidunt convallis arcu a porttitor. Ut urna sapien, egestas mollis lectus a, suscipit placerat ante. Vestibulum id congue tellus. Nullam dapibus felis eu ligula mattis, vel consectetur nibh aliquet. Maecenas nec elit orci. Curabitur ut massa maximus, ultrices diam at, porttitor erat. Praesent eu purus vitae ligula elementum iaculis in non eros. Quisque eu aliquet dolor, ut pharetra lacus.</p>
</div>
</div>
<div class="panel panel-extra-for-experts">
<div class="panel-header">
<strong>Lorem ipsum:</strong> Nunc non accumsan
</div>
<div class="panel-body">
<p>Lorem ipsum dolor sit amet, consectetur adipiscing elit. Nunc non accumsan libero, et suscipit velit. Phasellus quis lorem eget lacus rutrum lobortis. Integer tincidunt convallis arcu a porttitor. Ut urna sapien, egestas mollis lectus a, suscipit placerat ante. Vestibulum id congue tellus. Nullam dapibus felis eu ligula mattis, vel consectetur nibh aliquet. Maecenas nec elit orci. Curabitur ut massa maximus, ultrices diam at, porttitor erat. Praesent eu purus vitae ligula elementum iaculis in non eros. Quisque eu aliquet dolor, ut pharetra lacus.</p>
</div>
</div>
