<div class="panel panel-teacher-note">
<div class="panel-header">
<strong>Teacher Note:</strong> Curriculum guides for Algorithms
</div>
<div class="panel-body">
<p>This text is the panel's contents.</p>
</div>
</div>
