<div class="panel panel-note">
<div class="panel-header">
<strong>crwdns8254:0crwdne8254:0</strong>
</div>
<div class="panel-body">
<p>crwdns8255:0crwdne8255:0 crwdns8256:0crwdne8256:0 crwdns8257:0crwdne8257:0 crwdns8258:0crwdne8258:0</p>
</div>
</div>
