<div>
<p>Content in here.</p>
{{ Django Variable }}
<p>Something about the variable.</p>
</div>
