<h1>Example Title</h1>
<p>This is a sentence.</p>
<h1>Example Title 2</h1>
<p>{comment This is a comment for other authors to read}</p>
<p>Check out this <a href="resource/134">resource</a>.</p>
<div class="panel panel-teacher-note">
<div class="panel-header">
<strong>Teacher Note:</strong> Guides for Algorithms
</div>
<div class="panel-body">
<p>This text is the panel's contents.</p>
</div>
</div>
<div>
<img alt="This is alt text" class="left-align" src="http://placehold.it/350x150" title="This is hover text" />
<p>Dancing with our hands tied.</p>
<p><a href="https://placehold.it/">Source</a></p>
</div>
<p>{image file-path="http://placehold.it/250x50" caption="false" source="https://placehold.it/" hover-text="This is hover text" alignment="left" alt="This is alt text"}</p>
<p>{boxed-text}</p>
<p><strong>Computer Science Report for 2.44</strong></p>
<p>Put your introduction to what bits are here.</p>
<p>{boxed-text end}</p>
<p>{button-link link="http://www.google.com" text="Visit Google"}</p>
<p>{conditional if condition="version == 'teacher'"}</p>
<p>This is text that only teachers should see.</p>
<p>{conditional end}</p>
<p>It's worth considering which {glossary-link term="algorithm"}algorithms{glossary-link end} should be used.</p>
<p>{iframe link="https://github.com/"}</p>
<p>{interactive slug="binary-cards" type="iframe" parameters="digits=5&amp;start=BBBBB"}</p>
<pre><code>scratch
when flag clicked
clear
forever
pen down
if &lt;&lt;mouse down?&gt; and &lt;touching [mouse-pointer v]?&gt;&gt; then
switch costume to [button v]
else
add (x position) to [list v]
end
move (foo) steps
turn ccw (9) degrees
</code></pre>
<p>{table-of-contents}</p>
<p>{video url="https://www.youtube.com/watch?v=dQw4w9WgXcQ"}</p>
