<div>
<img alt="alt text" class="left-align" src="{% static 'computer-studying-turing-test.png' %}" />
<p>Cats cats cats.</p>
</div>
