<blockquote class="blockquote">
<p>Blockquote contents.</p>
<footer class="blockquote-footer">
This <em>is</em> the <strong>footer</strong>
</footer>
</blockquote>
