<blockquote class="blockquote">
<p>Blockquote contents.</p>
</blockquote>
