{% if version == 'teacher' %}
<p>This is text that only teachers should see.</p>
{% endif %}
