{% if version == 'teacher' %}
<p>This is text that only teachers should see.</p>
{% elif version == 'instructor' %}
<p>This is text that only instuctors should see.</p>
{% endif %}
