<a class="button" href="{% static 'files/python-sort-example.py' %}">Download Python Sorting Example</a>
