<div class="card">
<div class="card-block">
<p>This text is displayed using a Bootstrap 4 card.</p>
</div>
</div>
