<div class="boxed-text boxed-text-indented">
<p>This text is displayed using a Bootstrap 4 card.</p>
</div>
