<p>How about some scratch: <img class="scratch-blocks" onerror="this.src='scratch-blocks-2f3ea223b778227287b8935bc5d209e25d3e8a25ef46ff85f6c44818159601d7.png'" src="scratch-blocks-2f3ea223b778227287b8935bc5d209e25d3e8a25ef46ff85f6c44818159601d7.svg" /></p>
