<p>Numbered tight:</p>
<ol>
<li>Lipsum</li>
<li>Lorem</li>
<li>Ipsem</li>
</ol>
