<ol>
<li>
<p>Lorem ipsum dolor sit amet, consectetur adipiscing elit. Sed luctus augue non nisi commodo volutpat.
Aliquam erat volutpat. Class aptent.</p>
</li>
<li>
<p>Lorem ipsum dolor sit amet, consectetur adipiscing elit.</p>
<p>Aenean et ligula gravida, tempor massa et, pulvinar tortor.</p>
</li>
<li>
<p>Lorem ipsum dolor sit amet, consectetur adipiscing elit. Phasellus vestibulum sollicitudin purus nec auctor.</p>
<p>Sed sed tortor tempus, ullamcorper lorem in, elementum nisl. Phasellus non nibh ligula.</p>
<p>Phasellus vestibulum turpis vel tortor semper egestas. Cras eu maximus lorem.</p>
<p>Curabitur ultrices egestas libero, ut dictum enim porta in. Pellentesque habitant morbi.</p>
</li>
</ol>
