<p>A Paragraph.
* Not a list item.</p>
<ol>
<li>Ordered list item.
* Not a separate list item.</li>
</ol>
