<div>
<img alt="placeholder image" class="left-align" src="{% static 'computer-studying-turing-test.png' %}" />
</div>
