<a class="btn btn-interactive-link" href="{% url 'interactive' slug='binary-cards' %}">
<img class="btn-interactive-link-image" src="{% static 'interactives/binary-cards/img/binarycards.png' %}" />
<div class="btn-interactive-whole-page-text">
Click to load binary-cards
</div>
</a>
