<div>
<iframe allowfullscreen="allowfullscreen" frameborder="0" src="https://www.youtube.com/embed/dQw4w9WgXcQ"></iframe>
</div>
