<h1 id="this-is-an-h1">
<span class="section_number">
1.0.0.0.0.0.
</span>
This is an H1
</h1>
<h2 id="this-is-an-h2">
<span class="section_number">
1.1.0.0.0.0.
</span>
This is an H2
</h2>
<h4 id="this-is-an-h4">
<span class="section_number">
1.1.0.1.0.0.
</span>
This is an H4
</h4>
<h1 id="this-is-an-h1-2">
<span class="section_number">
2.0.0.0.0.0.
</span>
This is an H1
</h1>
<h3 id="this-is-an-h3">
<span class="section_number">
2.0.1.0.0.0.
</span>
This is an H3
</h3>
<h6 id="this-is-an-h6">
<span class="section_number">
2.0.1.0.0.1.
</span>
This is an H6
</h6>
<h1 id="this-is-an-h1-3">
<span class="section_number">
3.0.0.0.0.0.
</span>
This is an H1
</h1>
