<h1 id="heading-one">
<span class="section_number">
{{ chapter.number }}.
</span>
Heading One
</h1>
