<a class="button" href="http://www.google.com">Visit Google</a>
