<p>This is valid.</p>
<p>{panel}</p>
<p>This is valid.</p>
<p>{panel end}</p>
<p>This is valid.</p>
