<h1>
 Example Title
</h1>
<p>
 Example paragraph.
</p>
<div>
 <p>
  Example paragraph in a div.
 </p>
</div>
