<h1>Example Title</h1>
<p>This is a sentence.</p>
