<p>This is a sentence.</p>
<p>This is another sentence.</p>
<p>This is a third sentence.</p>
