<div class="panel panel-note">
<div class="panel-header">
<strong>Heading:</strong> Subtitle
</div>
<div class="panel-body">
<p>Panel text.</p>
</div>
</div>
