<div>
<img alt="alt text" class="" src="{% static 'computer-studying-turing-test.png' %}" title="Lipsum" />
<p>This is why we can't have nice things.</p>
</div>
