<div class="boxed-text">
<p>This text is displayed using a Bootstrap 4 card.</p>
<div class="boxed-text">
<p>I'm inside you.</p>
</div>
<p>Where some more text might exist.</p>
</div>
