<p>How about some scratch: <object data="{% static 'scratch-blocks-9dabe0bac28bc3a143cfb19c2e5d7f46aae62b3d793166a56665a789d0df5bf7.svg' %}" type="image/svg+xml"></object> which is the same as the python expression: <code>print('Hello')</code></p>
