<p><a class="glossary-term" data-glossary-term="chomsky-hierarchy" id="glossary-chomsky-hierarchy">Chomsky Hierarchy</a></p>
